#
# There is insufficient memory for the Java Runtime Environment to continue.
# Native memory allocation (mmap) failed to map 35651584 bytes. Error detail: G1 virtual space
# Possible reasons:
#   The system is out of physical RAM or swap space
#   This process is running with CompressedOops enabled, and the Java Heap may be blocking the growth of the native heap
# Possible solutions:
#   Reduce memory load on the system
#   Increase physical memory or swap space
#   Check if swap backing store is full
#   Decrease Java heap size (-Xmx/-Xms)
#   Decrease number of Java threads
#   Decrease Java thread stack sizes (-Xss)
#   Set larger code cache with -XX:ReservedCodeCacheSize=
#   JVM is running with Unscaled Compressed Oops mode in which the Java heap is
#     placed in the first 4GB address space. The Java Heap base address is the
#     maximum limit for the native heap growth. Please use -XX:HeapBaseMinAddress
#     to set the Java Heap base and to place the Java Heap above 4GB virtual address.
# This output file may be truncated or incomplete.
#
#  Out of Memory Error (os_windows.cpp:3898), pid=3396, tid=7792
#
# JRE version: OpenJDK Runtime Environment (21.0.6) (build 21.0.6+-13391695-b895.109)
# Java VM: OpenJDK 64-Bit Server VM (21.0.6+-13391695-b895.109, mixed mode, tiered, compressed oops, compressed class ptrs, g1 gc, windows-amd64)
# No core dump will be written. Minidumps are not enabled by default on client versions of Windows
#

---------------  S U M M A R Y ------------

Command Line: org.jetbrains.kotlin.cli.jvm.K2JVMCompiler @E:\skytronix\build\share_plus\20260411_12060662215865694368.compiler.options

Host: Intel(R) Core(TM) i7-4600U CPU @ 2.10GHz, 4 cores, 7G,  Windows 10 , 64 bit Build 19041 (10.0.19041.5915)
Time: Sat Apr 11 04:47:47 2026 Pacific Daylight Time elapsed time: 22.288630 seconds (0d 0h 0m 22s)

---------------  T H R E A D  ---------------

Current thread (0x00000230c276c230):  VMThread "VM Thread"          [id=7792, stack(0x000000a0bce00000,0x000000a0bcf00000) (1024K)]

Stack: [0x000000a0bce00000,0x000000a0bcf00000]
Native frames: (J=compiled Java code, j=interpreted, Vv=VM code, C=native code)
V  [jvm.dll+0x6d0639]
V  [jvm.dll+0x85eb03]
V  [jvm.dll+0x86105e]
V  [jvm.dll+0x861743]
V  [jvm.dll+0x27e6e6]
V  [jvm.dll+0x6ccfd5]
V  [jvm.dll+0x6c0a8a]
V  [jvm.dll+0x35537b]
V  [jvm.dll+0x35cfd6]
V  [jvm.dll+0x3aef86]
V  [jvm.dll+0x3af258]
V  [jvm.dll+0x327a2c]
V  [jvm.dll+0x327ab7]
V  [jvm.dll+0x36d93c]
V  [jvm.dll+0x36c0ee]
V  [jvm.dll+0x327181]
V  [jvm.dll+0x36b7f0]
V  [jvm.dll+0x8674c8]
V  [jvm.dll+0x868844]
V  [jvm.dll+0x868d80]
V  [jvm.dll+0x869013]
V  [jvm.dll+0x806ed8]
V  [jvm.dll+0x6cef0d]
C  [ucrtbase.dll+0x21bb2]
C  [KERNEL32.DLL+0x17374]
C  [ntdll.dll+0x4cc91]

VM_Operation (0x000000a0bc7f6800): G1CollectForAllocation, mode: safepoint, requested by thread 0x00000230ab93e4a0


---------------  P R O C E S S  ---------------

Threads class SMR info:
_java_thread_list=0x00000230ca9827e0, length=12, elements={
0x00000230ab93e4a0, 0x00000230c28f9c80, 0x00000230c28faa90, 0x00000230c2906c30,
0x00000230c2907290, 0x00000230c2907ce0, 0x00000230c2908730, 0x00000230c29094b0,
0x00000230c290a6e0, 0x00000230c2ab0ec0, 0x00000230c2ab7b10, 0x00000230c7f9e170
}

Java Threads: ( => current thread )
  0x00000230ab93e4a0 JavaThread "main"                              [_thread_blocked, id=8496, stack(0x000000a0bc700000,0x000000a0bc800000) (1024K)]
  0x00000230c28f9c80 JavaThread "Reference Handler"          daemon [_thread_blocked, id=8092, stack(0x000000a0bcf00000,0x000000a0bd000000) (1024K)]
  0x00000230c28faa90 JavaThread "Finalizer"                  daemon [_thread_blocked, id=12532, stack(0x000000a0bd000000,0x000000a0bd100000) (1024K)]
  0x00000230c2906c30 JavaThread "Signal Dispatcher"          daemon [_thread_blocked, id=12908, stack(0x000000a0bd100000,0x000000a0bd200000) (1024K)]
  0x00000230c2907290 JavaThread "Attach Listener"            daemon [_thread_blocked, id=5128, stack(0x000000a0bd200000,0x000000a0bd300000) (1024K)]
  0x00000230c2907ce0 JavaThread "Service Thread"             daemon [_thread_blocked, id=7708, stack(0x000000a0bd300000,0x000000a0bd400000) (1024K)]
  0x00000230c2908730 JavaThread "Monitor Deflation Thread"   daemon [_thread_blocked, id=2676, stack(0x000000a0bd400000,0x000000a0bd500000) (1024K)]
  0x00000230c29094b0 JavaThread "C2 CompilerThread0"         daemon [_thread_blocked, id=6664, stack(0x000000a0bd500000,0x000000a0bd600000) (1024K)]
  0x00000230c290a6e0 JavaThread "C1 CompilerThread0"         daemon [_thread_blocked, id=10156, stack(0x000000a0bd600000,0x000000a0bd700000) (1024K)]
  0x00000230c2ab0ec0 JavaThread "Notification Thread"        daemon [_thread_blocked, id=10396, stack(0x000000a0bd700000,0x000000a0bd800000) (1024K)]
  0x00000230c2ab7b10 JavaThread "Common-Cleaner"             daemon [_thread_blocked, id=1676, stack(0x000000a0bd800000,0x000000a0bd900000) (1024K)]
  0x00000230c7f9e170 JavaThread "C2 CompilerThread1"         daemon [_thread_blocked, id=10920, stack(0x000000a0bdc00000,0x000000a0bdd00000) (1024K)]
Total: 12

Other Threads:
=>0x00000230c276c230 VMThread "VM Thread"                           [id=7792, stack(0x000000a0bce00000,0x000000a0bcf00000) (1024K)]
  0x00000230c26da980 WatcherThread "VM Periodic Task Thread"        [id=8524, stack(0x000000a0bcd00000,0x000000a0bce00000) (1024K)]
  0x00000230ab992240 WorkerThread "GC Thread#0"                     [id=8424, stack(0x000000a0bc800000,0x000000a0bc900000) (1024K)]
  0x00000230c7364a50 WorkerThread "GC Thread#1"                     [id=7924, stack(0x000000a0bd900000,0x000000a0bda00000) (1024K)]
  0x00000230c7364df0 WorkerThread "GC Thread#2"                     [id=2612, stack(0x000000a0bda00000,0x000000a0bdb00000) (1024K)]
  0x00000230c7376700 WorkerThread "GC Thread#3"                     [id=7916, stack(0x000000a0bdb00000,0x000000a0bdc00000) (1024K)]
  0x00000230ab9a2f60 ConcurrentGCThread "G1 Main Marker"            [id=6788, stack(0x000000a0bc900000,0x000000a0bca00000) (1024K)]
  0x00000230ab9a3a60 WorkerThread "G1 Conc#0"                       [id=8944, stack(0x000000a0bca00000,0x000000a0bcb00000) (1024K)]
  0x00000230aba090f0 ConcurrentGCThread "G1 Refine#0"               [id=6568, stack(0x000000a0bcb00000,0x000000a0bcc00000) (1024K)]
  0x00000230c25a20b0 ConcurrentGCThread "G1 Service"                [id=12608, stack(0x000000a0bcc00000,0x000000a0bcd00000) (1024K)]
Total: 10

Threads with active compile tasks:
Total: 0

VM state: at safepoint (normal execution)

VM Mutex/Monitor currently owned by a thread:  ([mutex/lock_event])
[0x00007ffee48ae3a0] Threads_lock - owner thread: 0x00000230c276c230
[0x00007ffee48ae4a0] Heap_lock - owner thread: 0x00000230ab93e4a0

Heap address: 0x0000000081600000, size: 2026 MB, Compressed Oops mode: 32-bit

CDS archive(s) not mapped
Compressed class space mapped at: 0x0000000100000000-0x0000000140000000, reserved size: 1073741824
Narrow klass base: 0x0000000000000000, Narrow klass shift: 3, Narrow klass range: 0x140000000

GC Precious Log:
 CardTable entry size: 512
 Card Set container configuration: InlinePtr #cards 5 size 8 Array Of Cards #cards 12 size 40 Howl #buckets 4 coarsen threshold 1843 Howl Bitmap #cards 512 size 80 coarsen threshold 460 Card regions per heap region 1 cards per card region 2048
 CPUs: 4 total, 4 available
 Memory: 8097M
 Large Page Support: Disabled
 NUMA Support: Disabled
 Compressed Oops: Enabled (32-bit)
 Heap Region Size: 1M
 Heap Min Capacity: 8M
 Heap Initial Capacity: 128M
 Heap Max Capacity: 2026M
 Pre-touch: Disabled
 Parallel Workers: 4
 Concurrent Workers: 1
 Concurrent Refinement Workers: 4
 Periodic GC: Disabled

Heap:
 garbage-first heap   total 66560K, used 47793K [0x0000000081600000, 0x0000000100000000)
  region size 1024K, 2 young (2048K), 2 survivors (2048K)
 Metaspace       used 61878K, committed 62208K, reserved 1114112K
  class space    used 7098K, committed 7232K, reserved 1048576K

Heap Regions: E=young(eden), S=young(survivor), O=old, HS=humongous(starts), HC=humongous(continues), CS=collection set, F=free, TAMS=top-at-mark-start, PB=parsable bottom
|   0|0x0000000081600000, 0x0000000081700000, 0x0000000081700000|100%|HS|  |TAMS 0x0000000081700000| PB 0x0000000081600000| Complete 
|   1|0x0000000081700000, 0x0000000081800000, 0x0000000081800000|100%|HC|  |TAMS 0x0000000081800000| PB 0x0000000081700000| Complete 
|   2|0x0000000081800000, 0x0000000081900000, 0x0000000081900000|100%|HC|  |TAMS 0x0000000081900000| PB 0x0000000081800000| Complete 
|   3|0x0000000081900000, 0x0000000081a00000, 0x0000000081a00000|100%|HC|  |TAMS 0x0000000081a00000| PB 0x0000000081900000| Complete 
|   4|0x0000000081a00000, 0x0000000081b00000, 0x0000000081b00000|100%| O|  |TAMS 0x0000000081b00000| PB 0x0000000081a00000| Untracked 
|   5|0x0000000081b00000, 0x0000000081c00000, 0x0000000081c00000|100%| O|  |TAMS 0x0000000081c00000| PB 0x0000000081b00000| Untracked 
|   6|0x0000000081c00000, 0x0000000081d00000, 0x0000000081d00000|100%| O|  |TAMS 0x0000000081d00000| PB 0x0000000081c00000| Untracked 
|   7|0x0000000081d00000, 0x0000000081e00000, 0x0000000081e00000|100%| O|  |TAMS 0x0000000081e00000| PB 0x0000000081d00000| Untracked 
|   8|0x0000000081e00000, 0x0000000081f00000, 0x0000000081f00000|100%| O|  |TAMS 0x0000000081f00000| PB 0x0000000081e00000| Untracked 
|   9|0x0000000081f00000, 0x0000000082000000, 0x0000000082000000|100%| O|  |TAMS 0x0000000082000000| PB 0x0000000081f00000| Untracked 
|  10|0x0000000082000000, 0x0000000082100000, 0x0000000082100000|100%| O|  |TAMS 0x0000000082100000| PB 0x0000000082000000| Untracked 
|  11|0x0000000082100000, 0x0000000082200000, 0x0000000082200000|100%| O|  |TAMS 0x0000000082200000| PB 0x0000000082100000| Untracked 
|  12|0x0000000082200000, 0x0000000082300000, 0x0000000082300000|100%| O|  |TAMS 0x0000000082300000| PB 0x0000000082200000| Untracked 
|  13|0x0000000082300000, 0x0000000082400000, 0x0000000082400000|100%| O|  |TAMS 0x0000000082400000| PB 0x0000000082300000| Untracked 
|  14|0x0000000082400000, 0x0000000082500000, 0x0000000082500000|100%| O|  |TAMS 0x0000000082500000| PB 0x0000000082400000| Untracked 
|  15|0x0000000082500000, 0x0000000082600000, 0x0000000082600000|100%| O|  |TAMS 0x0000000082600000| PB 0x0000000082500000| Untracked 
|  16|0x0000000082600000, 0x0000000082700000, 0x0000000082700000|100%| O|  |TAMS 0x0000000082700000| PB 0x0000000082600000| Untracked 
|  17|0x0000000082700000, 0x0000000082800000, 0x0000000082800000|100%| O|  |TAMS 0x0000000082800000| PB 0x0000000082700000| Untracked 
|  18|0x0000000082800000, 0x0000000082900000, 0x0000000082900000|100%| O|  |TAMS 0x0000000082900000| PB 0x0000000082800000| Untracked 
|  19|0x0000000082900000, 0x0000000082a00000, 0x0000000082a00000|100%| O|  |TAMS 0x0000000082a00000| PB 0x0000000082900000| Untracked 
|  20|0x0000000082a00000, 0x0000000082b00000, 0x0000000082b00000|100%| O|  |TAMS 0x0000000082b00000| PB 0x0000000082a00000| Untracked 
|  21|0x0000000082b00000, 0x0000000082c00000, 0x0000000082c00000|100%| O|  |TAMS 0x0000000082c00000| PB 0x0000000082b00000| Untracked 
|  22|0x0000000082c00000, 0x0000000082d00000, 0x0000000082d00000|100%| O|  |TAMS 0x0000000082d00000| PB 0x0000000082c00000| Untracked 
|  23|0x0000000082d00000, 0x0000000082e00000, 0x0000000082e00000|100%|HS|  |TAMS 0x0000000082e00000| PB 0x0000000082d00000| Complete 
|  24|0x0000000082e00000, 0x0000000082f00000, 0x0000000082f00000|100%| O|  |TAMS 0x0000000082f00000| PB 0x0000000082e00000| Untracked 
|  25|0x0000000082f00000, 0x0000000083000000, 0x0000000083000000|100%| O|  |TAMS 0x0000000083000000| PB 0x0000000082f00000| Untracked 
|  26|0x0000000083000000, 0x0000000083100000, 0x0000000083100000|100%| O|  |TAMS 0x0000000083100000| PB 0x0000000083000000| Untracked 
|  27|0x0000000083100000, 0x0000000083200000, 0x0000000083200000|100%| O|  |TAMS 0x0000000083200000| PB 0x0000000083100000| Untracked 
|  28|0x0000000083200000, 0x0000000083300000, 0x0000000083300000|100%| O|  |TAMS 0x0000000083300000| PB 0x0000000083200000| Untracked 
|  29|0x0000000083300000, 0x0000000083400000, 0x0000000083400000|100%| O|  |TAMS 0x0000000083400000| PB 0x0000000083300000| Untracked 
|  30|0x0000000083400000, 0x0000000083500000, 0x0000000083500000|100%| O|  |TAMS 0x0000000083500000| PB 0x0000000083400000| Untracked 
|  31|0x0000000083500000, 0x0000000083600000, 0x0000000083600000|100%| O|  |TAMS 0x0000000083600000| PB 0x0000000083500000| Untracked 
|  32|0x0000000083600000, 0x0000000083700000, 0x0000000083700000|100%| O|  |TAMS 0x0000000083700000| PB 0x0000000083600000| Untracked 
|  33|0x0000000083700000, 0x0000000083800000, 0x0000000083800000|100%| O|  |TAMS 0x0000000083800000| PB 0x0000000083700000| Untracked 
|  34|0x0000000083800000, 0x0000000083900000, 0x0000000083900000|100%| O|  |TAMS 0x0000000083800000| PB 0x0000000083800000| Untracked 
|  35|0x0000000083900000, 0x0000000083a00000, 0x0000000083a00000|100%| O|  |TAMS 0x0000000083a00000| PB 0x0000000083900000| Untracked 
|  36|0x0000000083a00000, 0x0000000083b00000, 0x0000000083b00000|100%| O|  |TAMS 0x0000000083a27850| PB 0x0000000083a00000| Untracked 
|  37|0x0000000083b00000, 0x0000000083c00000, 0x0000000083c00000|100%| O|  |TAMS 0x0000000083b00000| PB 0x0000000083b00000| Untracked 
|  38|0x0000000083c00000, 0x0000000083d00000, 0x0000000083d00000|100%| O|  |TAMS 0x0000000083c00000| PB 0x0000000083c00000| Untracked 
|  39|0x0000000083d00000, 0x0000000083d00000, 0x0000000083e00000|  0%| F|  |TAMS 0x0000000083d00000| PB 0x0000000083d00000| Untracked 
|  40|0x0000000083e00000, 0x0000000083e00000, 0x0000000083f00000|  0%| F|  |TAMS 0x0000000083e00000| PB 0x0000000083e00000| Untracked 
|  41|0x0000000083f00000, 0x0000000083f00000, 0x0000000084000000|  0%| F|  |TAMS 0x0000000083f00000| PB 0x0000000083f00000| Untracked 
|  42|0x0000000084000000, 0x00000000840ac6c8, 0x0000000084100000| 67%| O|  |TAMS 0x0000000084000000| PB 0x0000000084000000| Untracked 
|  43|0x0000000084100000, 0x0000000084100000, 0x0000000084200000|  0%| F|  |TAMS 0x0000000084100000| PB 0x0000000084100000| Untracked 
|  44|0x0000000084200000, 0x0000000084200000, 0x0000000084300000|  0%| F|  |TAMS 0x0000000084200000| PB 0x0000000084200000| Untracked 
|  45|0x0000000084300000, 0x0000000084400000, 0x0000000084400000|100%| S|CS|TAMS 0x0000000084300000| PB 0x0000000084300000| Complete 
|  46|0x0000000084400000, 0x0000000084500000, 0x0000000084500000|100%| S|CS|TAMS 0x0000000084400000| PB 0x0000000084400000| Complete 
|  47|0x0000000084500000, 0x0000000084500000, 0x0000000084600000|  0%| F|  |TAMS 0x0000000084500000| PB 0x0000000084500000| Untracked 
|  48|0x0000000084600000, 0x0000000084600000, 0x0000000084700000|  0%| F|  |TAMS 0x0000000084600000| PB 0x0000000084600000| Untracked 
|  49|0x0000000084700000, 0x0000000084700000, 0x0000000084800000|  0%| F|  |TAMS 0x0000000084700000| PB 0x0000000084700000| Untracked 
|  50|0x0000000084800000, 0x0000000084800000, 0x0000000084900000|  0%| F|  |TAMS 0x0000000084800000| PB 0x0000000084800000| Untracked 
|  51|0x0000000084900000, 0x0000000084900000, 0x0000000084a00000|  0%| F|  |TAMS 0x0000000084900000| PB 0x0000000084900000| Untracked 
|  52|0x0000000084a00000, 0x0000000084a00000, 0x0000000084b00000|  0%| F|  |TAMS 0x0000000084a00000| PB 0x0000000084a00000| Untracked 
|  53|0x0000000084b00000, 0x0000000084b00000, 0x0000000084c00000|  0%| F|  |TAMS 0x0000000084b00000| PB 0x0000000084b00000| Untracked 
|  54|0x0000000084c00000, 0x0000000084c00000, 0x0000000084d00000|  0%| F|  |TAMS 0x0000000084c00000| PB 0x0000000084c00000| Untracked 
| 103|0x0000000087d00000, 0x0000000087d00000, 0x0000000087e00000|  0%| F|  |TAMS 0x0000000087d00000| PB 0x0000000087d00000| Untracked 
| 104|0x0000000087e00000, 0x0000000087e00000, 0x0000000087f00000|  0%| F|  |TAMS 0x0000000087e00000| PB 0x0000000087e00000| Untracked 
| 107|0x0000000088100000, 0x0000000088100000, 0x0000000088200000|  0%| F|  |TAMS 0x0000000088100000| PB 0x0000000088100000| Untracked 
| 108|0x0000000088200000, 0x0000000088200000, 0x0000000088300000|  0%| F|  |TAMS 0x0000000088200000| PB 0x0000000088200000| Untracked 
| 127|0x0000000089500000, 0x0000000089500000, 0x0000000089600000|  0%| F|  |TAMS 0x0000000089500000| PB 0x0000000089500000| Untracked 
|2021|0x00000000ffb00000, 0x00000000ffc00000, 0x00000000ffc00000|100%| O|  |TAMS 0x00000000ffc00000| PB 0x00000000ffb00000| Untracked 
|2022|0x00000000ffc00000, 0x00000000ffd00000, 0x00000000ffd00000|100%| O|  |TAMS 0x00000000ffd00000| PB 0x00000000ffc00000| Untracked 
|2023|0x00000000ffd00000, 0x00000000ffe00000, 0x00000000ffe00000|100%| O|  |TAMS 0x00000000ffe00000| PB 0x00000000ffd00000| Untracked 
|2024|0x00000000ffe00000, 0x00000000fff00000, 0x00000000fff00000|100%| O|  |TAMS 0x00000000fff00000| PB 0x00000000ffe00000| Untracked 
|2025|0x00000000fff00000, 0x0000000100000000, 0x0000000100000000|100%| O|  |TAMS 0x0000000100000000| PB 0x00000000fff00000| Untracked 

Card table byte_map: [0x00000230bdea0000,0x00000230be2a0000] _byte_map_base: 0x00000230bda95000

Marking Bits: (CMBitMap*) 0x00000230ab992940
 Bits: [0x00000230be2a0000, 0x00000230c0248000)

Polling page: 0x00000230ab110000

Metaspace:

Usage:
  Non-class:     53.50 MB used.
      Class:      6.93 MB used.
       Both:     60.43 MB used.

Virtual space:
  Non-class space:       64.00 MB reserved,      53.69 MB ( 84%) committed,  1 nodes.
      Class space:        1.00 GB reserved,       7.06 MB ( <1%) committed,  1 nodes.
             Both:        1.06 GB reserved,      60.75 MB (  6%) committed. 

Chunk freelists:
   Non-Class:  9.48 MB
       Class:  8.89 MB
        Both:  18.38 MB

MaxMetaspaceSize: unlimited
CompressedClassSpaceSize: 1.00 GB
Initial GC threshold: 21.00 MB
Current GC threshold: 94.31 MB
CDS: off
 - commit_granule_bytes: 65536.
 - commit_granule_words: 8192.
 - virtual_space_node_default_size: 8388608.
 - enlarge_chunks_in_place: 1.
 - use_allocation_guard: 0.


Internal statistics:

num_allocs_failed_limit: 6.
num_arena_births: 342.
num_arena_deaths: 0.
num_vsnodes_births: 2.
num_vsnodes_deaths: 0.
num_space_committed: 972.
num_space_uncommitted: 0.
num_chunks_returned_to_freelist: 6.
num_chunks_taken_from_freelist: 2195.
num_chunk_merges: 6.
num_chunk_splits: 1817.
num_chunks_enlarged: 1644.
num_inconsistent_stats: 0.

CodeHeap 'non-profiled nmethods': size=120000Kb used=2451Kb max_used=2451Kb free=117548Kb
 bounds [0x00000230b6570000, 0x00000230b67e0000, 0x00000230bdaa0000]
CodeHeap 'profiled nmethods': size=120000Kb used=10852Kb max_used=10852Kb free=109147Kb
 bounds [0x00000230aeaa0000, 0x00000230af540000, 0x00000230b5fd0000]
CodeHeap 'non-nmethods': size=5760Kb used=1655Kb max_used=1681Kb free=4104Kb
 bounds [0x00000230b5fd0000, 0x00000230b6240000, 0x00000230b6570000]
 total_blobs=5378 nmethods=4676 adapters=605
 compilation: enabled
              stopped_count=0, restarted_count=0
 full_count=0

Compilation events (20 events):
Event: 22.233 Thread 0x00000230c290a6e0 nmethod 5110 0x00000230af52dc90 code [0x00000230af52dee0, 0x00000230af52e6b0]
Event: 22.233 Thread 0x00000230c290a6e0 5112       3       org.jetbrains.kotlin.fir.java.declarations.FirJavaClass::getAnnotations (8 bytes)
Event: 22.233 Thread 0x00000230c290a6e0 nmethod 5112 0x00000230af52e990 code [0x00000230af52eb40, 0x00000230af52ed48]
Event: 22.233 Thread 0x00000230c290a6e0 5111       3       org.jetbrains.kotlin.fir.java.JavaTypeConversionKt::isTriviallyFlexible (41 bytes)
Event: 22.234 Thread 0x00000230c290a6e0 nmethod 5111 0x00000230af52ee10 code [0x00000230af52efe0, 0x00000230af52f500]
Event: 22.234 Thread 0x00000230c290a6e0 5109       3       org.jetbrains.kotlin.fir.java.JavaTypeConversionKt::toConeKotlinTypeForFlexibleBound$default (25 bytes)
Event: 22.234 Thread 0x00000230c290a6e0 nmethod 5109 0x00000230af52f610 code [0x00000230af52f7c0, 0x00000230af52f928]
Event: 22.241 Thread 0x00000230c29094b0 nmethod 5116 0x00000230b67d3890 code [0x00000230b67d3aa0, 0x00000230b67d4448]
Event: 22.242 Thread 0x00000230c290a6e0 5118       1       org.jetbrains.kotlin.fir.java.scopes.JavaOverrideChecker::getSession (5 bytes)
Event: 22.242 Thread 0x00000230c290a6e0 nmethod 5118 0x00000230b67d4990 code [0x00000230b67d4b20, 0x00000230b67d4be8]
Event: 22.243 Thread 0x00000230c290a6e0 5119       3       org.jetbrains.kotlin.fir.types.ConeBuiltinTypeUtilsKt::isBuiltinType (53 bytes)
Event: 22.244 Thread 0x00000230c290a6e0 nmethod 5119 0x00000230af52fa10 code [0x00000230af52fc60, 0x00000230af5306f0]
Event: 22.244 Thread 0x00000230c290a6e0 5120       3       org.jetbrains.kotlin.types.AbstractNullabilityChecker::hasNotNullSupertype (406 bytes)
Event: 22.253 Thread 0x00000230c290a6e0 nmethod 5120 0x00000230af530990 code [0x00000230af531220, 0x00000230af535d20]
Event: 22.253 Thread 0x00000230c290a6e0 5121       3       org.jetbrains.kotlin.fir.declarations.impl.FirSimpleFunctionImpl::getSymbol (8 bytes)
Event: 22.254 Thread 0x00000230c290a6e0 nmethod 5121 0x00000230af537710 code [0x00000230af5378a0, 0x00000230af5379c0]
Event: 22.254 Thread 0x00000230c290a6e0 5122       3       org.jetbrains.kotlin.fir.scopes.FirTypeScopeKt::doProcessAllOverriddenCallables (40 bytes)
Event: 22.255 Thread 0x00000230c290a6e0 nmethod 5122 0x00000230af537a90 code [0x00000230af537d00, 0x00000230af5388e0]
Event: 22.256 Thread 0x00000230c290a6e0 5123       3       org.jetbrains.kotlin.fir.scopes.ProcessorAction::not (57 bytes)
Event: 22.256 Thread 0x00000230c290a6e0 nmethod 5123 0x00000230af538d10 code [0x00000230af538ee0, 0x00000230af5391c8]

GC Heap History (20 events):
Event: 14.695 GC heap after
{Heap after GC invocations=10 (full 0):
 garbage-first heap   total 43008K, used 21419K [0x0000000081600000, 0x0000000100000000)
  region size 1024K, 2 young (2048K), 2 survivors (2048K)
 Metaspace       used 40931K, committed 41152K, reserved 1114112K
  class space    used 4946K, committed 5056K, reserved 1048576K
}
Event: 15.675 GC heap before
{Heap before GC invocations=10 (full 0):
 garbage-first heap   total 43008K, used 33707K [0x0000000081600000, 0x0000000100000000)
  region size 1024K, 15 young (15360K), 2 survivors (2048K)
 Metaspace       used 44471K, committed 44736K, reserved 1114112K
  class space    used 5287K, committed 5440K, reserved 1048576K
}
Event: 15.681 GC heap after
{Heap after GC invocations=11 (full 0):
 garbage-first heap   total 43008K, used 22695K [0x0000000081600000, 0x0000000100000000)
  region size 1024K, 2 young (2048K), 2 survivors (2048K)
 Metaspace       used 44471K, committed 44736K, reserved 1114112K
  class space    used 5287K, committed 5440K, reserved 1048576K
}
Event: 16.644 GC heap before
{Heap before GC invocations=12 (full 0):
 garbage-first heap   total 43008K, used 34983K [0x0000000081600000, 0x0000000100000000)
  region size 1024K, 15 young (15360K), 2 survivors (2048K)
 Metaspace       used 48307K, committed 48640K, reserved 1114112K
  class space    used 5669K, committed 5824K, reserved 1048576K
}
Event: 16.650 GC heap after
{Heap after GC invocations=13 (full 0):
 garbage-first heap   total 43008K, used 23444K [0x0000000081600000, 0x0000000100000000)
  region size 1024K, 1 young (1024K), 1 survivors (1024K)
 Metaspace       used 48307K, committed 48640K, reserved 1114112K
  class space    used 5669K, committed 5824K, reserved 1048576K
}
Event: 17.318 GC heap before
{Heap before GC invocations=13 (full 0):
 garbage-first heap   total 43008K, used 36756K [0x0000000081600000, 0x0000000100000000)
  region size 1024K, 15 young (15360K), 1 survivors (1024K)
 Metaspace       used 52104K, committed 52416K, reserved 1114112K
  class space    used 6055K, committed 6208K, reserved 1048576K
}
Event: 17.329 GC heap after
{Heap after GC invocations=14 (full 0):
 garbage-first heap   total 43008K, used 23330K [0x0000000081600000, 0x0000000100000000)
  region size 1024K, 2 young (2048K), 2 survivors (2048K)
 Metaspace       used 52104K, committed 52416K, reserved 1114112K
  class space    used 6055K, committed 6208K, reserved 1048576K
}
Event: 17.766 GC heap before
{Heap before GC invocations=14 (full 0):
 garbage-first heap   total 43008K, used 34594K [0x0000000081600000, 0x0000000100000000)
  region size 1024K, 14 young (14336K), 2 survivors (2048K)
 Metaspace       used 54057K, committed 54336K, reserved 1114112K
  class space    used 6252K, committed 6400K, reserved 1048576K
}
Event: 17.781 GC heap after
{Heap after GC invocations=15 (full 0):
 garbage-first heap   total 52224K, used 25469K [0x0000000081600000, 0x0000000100000000)
  region size 1024K, 2 young (2048K), 2 survivors (2048K)
 Metaspace       used 54057K, committed 54336K, reserved 1114112K
  class space    used 6252K, committed 6400K, reserved 1048576K
}
Event: 18.170 GC heap before
{Heap before GC invocations=16 (full 0):
 garbage-first heap   total 52224K, used 46973K [0x0000000081600000, 0x0000000100000000)
  region size 1024K, 22 young (22528K), 2 survivors (2048K)
 Metaspace       used 54109K, committed 54400K, reserved 1114112K
  class space    used 6252K, committed 6400K, reserved 1048576K
}
Event: 18.203 GC heap after
{Heap after GC invocations=17 (full 0):
 garbage-first heap   total 57344K, used 34655K [0x0000000081600000, 0x0000000100000000)
  region size 1024K, 3 young (3072K), 3 survivors (3072K)
 Metaspace       used 54109K, committed 54400K, reserved 1114112K
  class space    used 6252K, committed 6400K, reserved 1048576K
}
Event: 18.932 GC heap before
{Heap before GC invocations=17 (full 0):
 garbage-first heap   total 57344K, used 47967K [0x0000000081600000, 0x0000000100000000)
  region size 1024K, 16 young (16384K), 3 survivors (3072K)
 Metaspace       used 55137K, committed 55424K, reserved 1114112K
  class space    used 6346K, committed 6464K, reserved 1048576K
}
Event: 18.959 GC heap after
{Heap after GC invocations=18 (full 0):
 garbage-first heap   total 57344K, used 38400K [0x0000000081600000, 0x0000000100000000)
  region size 1024K, 2 young (2048K), 2 survivors (2048K)
 Metaspace       used 55137K, committed 55424K, reserved 1114112K
  class space    used 6346K, committed 6464K, reserved 1048576K
}
Event: 19.588 GC heap before
{Heap before GC invocations=18 (full 0):
 garbage-first heap   total 57344K, used 48640K [0x0000000081600000, 0x0000000100000000)
  region size 1024K, 12 young (12288K), 2 survivors (2048K)
 Metaspace       used 57584K, committed 57856K, reserved 1114112K
  class space    used 6609K, committed 6720K, reserved 1048576K
}
Event: 19.603 GC heap after
{Heap after GC invocations=19 (full 0):
 garbage-first heap   total 57344K, used 39926K [0x0000000081600000, 0x0000000100000000)
  region size 1024K, 1 young (1024K), 1 survivors (1024K)
 Metaspace       used 57584K, committed 57856K, reserved 1114112K
  class space    used 6609K, committed 6720K, reserved 1048576K
}
Event: 20.367 GC heap before
{Heap before GC invocations=20 (full 0):
 garbage-first heap   total 66560K, used 49142K [0x0000000081600000, 0x0000000100000000)
  region size 1024K, 11 young (11264K), 1 survivors (1024K)
 Metaspace       used 59380K, committed 59648K, reserved 1114112K
  class space    used 6808K, committed 6912K, reserved 1048576K
}
Event: 20.381 GC heap after
{Heap after GC invocations=21 (full 0):
 garbage-first heap   total 66560K, used 41239K [0x0000000081600000, 0x0000000100000000)
  region size 1024K, 2 young (2048K), 2 survivors (2048K)
 Metaspace       used 59380K, committed 59648K, reserved 1114112K
  class space    used 6808K, committed 6912K, reserved 1048576K
}
Event: 21.434 GC heap before
{Heap before GC invocations=21 (full 0):
 garbage-first heap   total 66560K, used 56599K [0x0000000081600000, 0x0000000100000000)
  region size 1024K, 18 young (18432K), 2 survivors (2048K)
 Metaspace       used 61276K, committed 61568K, reserved 1114112K
  class space    used 7055K, committed 7168K, reserved 1048576K
}
Event: 21.461 GC heap after
{Heap after GC invocations=22 (full 0):
 garbage-first heap   total 66560K, used 44190K [0x0000000081600000, 0x0000000100000000)
  region size 1024K, 3 young (3072K), 3 survivors (3072K)
 Metaspace       used 61276K, committed 61568K, reserved 1114112K
  class space    used 7055K, committed 7168K, reserved 1048576K
}
Event: 22.257 GC heap before
{Heap before GC invocations=22 (full 0):
 garbage-first heap   total 66560K, used 57502K [0x0000000081600000, 0x0000000100000000)
  region size 1024K, 16 young (16384K), 3 survivors (3072K)
 Metaspace       used 61878K, committed 62208K, reserved 1114112K
  class space    used 7098K, committed 7232K, reserved 1048576K
}

Dll operation events (3 events):
Event: 0.113 Loaded shared library C:\Program Files\Android\Android Studio\jbr\bin\java.dll
Event: 0.261 Loaded shared library C:\Program Files\Android\Android Studio\jbr\bin\zip.dll
Event: 10.624 Loaded shared library C:\Program Files\Android\Android Studio\jbr\bin\verify.dll

Deoptimization events (20 events):
Event: 18.618 Thread 0x00000230ab93e4a0 DEOPT PACKING pc=0x00000230b66fd07c sp=0x000000a0bc7fc2d0
Event: 18.618 Thread 0x00000230ab93e4a0 DEOPT UNPACKING pc=0x00000230b60246a2 sp=0x000000a0bc7fc260 mode 2
Event: 19.001 Thread 0x00000230ab93e4a0 DEOPT PACKING pc=0x00000230aedb769a sp=0x000000a0bc7fc3d0
Event: 19.001 Thread 0x00000230ab93e4a0 DEOPT UNPACKING pc=0x00000230b6024e42 sp=0x000000a0bc7fb890 mode 0
Event: 19.225 Thread 0x00000230ab93e4a0 Uncommon trap: trap_request=0xffffff45 fr.pc=0x00000230b65bb90c relative=0x000000000000072c
Event: 19.225 Thread 0x00000230ab93e4a0 Uncommon trap: reason=unstable_if action=reinterpret pc=0x00000230b65bb90c method=java.util.ArrayList.grow(I)[Ljava/lang/Object; @ 17 c2
Event: 19.225 Thread 0x00000230ab93e4a0 DEOPT PACKING pc=0x00000230b65bb90c sp=0x000000a0bc7fe250
Event: 19.225 Thread 0x00000230ab93e4a0 DEOPT UNPACKING pc=0x00000230b60246a2 sp=0x000000a0bc7fe0e8 mode 2
Event: 20.424 Thread 0x00000230ab93e4a0 Uncommon trap: trap_request=0xffffff5c fr.pc=0x00000230b6747758 relative=0x0000000000000098
Event: 20.424 Thread 0x00000230ab93e4a0 Uncommon trap: reason=speculate_null_check action=make_not_entrant pc=0x00000230b6747758 method=org.jetbrains.kotlin.com.intellij.openapi.vfs.VfsUtilCore.isAncestor(Lorg/jetbrains/kotlin/com/intellij/openapi/vfs/VirtualFile;Lorg/jetbrains/kotlin/com/intel
Event: 20.424 Thread 0x00000230ab93e4a0 DEOPT PACKING pc=0x00000230b6747758 sp=0x000000a0bc7f8b60
Event: 20.424 Thread 0x00000230ab93e4a0 DEOPT UNPACKING pc=0x00000230b60246a2 sp=0x000000a0bc7f8af0 mode 2
Event: 21.398 Thread 0x00000230ab93e4a0 Uncommon trap: trap_request=0xffffff76 fr.pc=0x00000230b678796c relative=0x00000000000048ac
Event: 21.398 Thread 0x00000230ab93e4a0 Uncommon trap: reason=predicate action=maybe_recompile pc=0x00000230b678796c method=org.jetbrains.org.objectweb.asm.ClassReader.readMethod(Lorg/jetbrains/org/objectweb/asm/ClassVisitor;Lorg/jetbrains/org/objectweb/asm/Context;I)I @ 787 c2
Event: 21.398 Thread 0x00000230ab93e4a0 DEOPT PACKING pc=0x00000230b678796c sp=0x000000a0bc7f9680
Event: 21.398 Thread 0x00000230ab93e4a0 DEOPT UNPACKING pc=0x00000230b60246a2 sp=0x000000a0bc7f9648 mode 2
Event: 21.421 Thread 0x00000230ab93e4a0 Uncommon trap: trap_request=0xffffff45 fr.pc=0x00000230b678d1c4 relative=0x0000000000000f44
Event: 21.421 Thread 0x00000230ab93e4a0 Uncommon trap: reason=unstable_if action=reinterpret pc=0x00000230b678d1c4 method=org.jetbrains.org.objectweb.asm.ClassReader.readElementValue(Lorg/jetbrains/org/objectweb/asm/AnnotationVisitor;ILjava/lang/String;[C)I @ 102 c2
Event: 21.421 Thread 0x00000230ab93e4a0 DEOPT PACKING pc=0x00000230b678d1c4 sp=0x000000a0bc7f9500
Event: 21.421 Thread 0x00000230ab93e4a0 DEOPT UNPACKING pc=0x00000230b60246a2 sp=0x000000a0bc7f94a0 mode 2

Classes loaded (20 events):
Event: 17.257 Loading class java/text/CharacterIterator done
Event: 17.257 Loading class java/text/StringCharacterIterator done
Event: 17.363 Loading class java/util/concurrent/atomic/AtomicIntegerArray
Event: 17.364 Loading class java/util/concurrent/atomic/AtomicIntegerArray done
Event: 17.364 Loading class java/util/concurrent/atomic/AtomicLongArray
Event: 17.364 Loading class java/util/concurrent/atomic/AtomicLongArray done
Event: 17.397 Loading class java/lang/Override
Event: 17.398 Loading class java/lang/Override done
Event: 17.686 Loading class java/util/AbstractList$ListItr
Event: 17.686 Loading class java/util/AbstractList$ListItr done
Event: 19.090 Loading class java/util/RegularEnumSet$EnumSetIterator
Event: 19.090 Loading class java/util/RegularEnumSet$EnumSetIterator done
Event: 19.925 Loading class java/util/AbstractList$RandomAccessSubList
Event: 19.925 Loading class java/util/AbstractList$SubList
Event: 19.925 Loading class java/util/AbstractList$SubList done
Event: 19.925 Loading class java/util/AbstractList$RandomAccessSubList done
Event: 20.229 Loading class java/lang/Byte$ByteCache
Event: 20.229 Loading class java/lang/Byte$ByteCache done
Event: 20.436 Loading class java/util/AbstractList$SubList$1
Event: 20.436 Loading class java/util/AbstractList$SubList$1 done

Classes unloaded (0 events):
No events

Classes redefined (0 events):
No events

Internal exceptions (20 events):
Event: 17.575 Thread 0x00000230ab93e4a0 Exception <a 'java/lang/NoSuchMethodError'{0x000000008388ea08}: 'java.lang.Object java.lang.invoke.DirectMethodHandle$Holder.invokeSpecial(java.lang.Object, java.lang.Object, java.lang.Object, java.lang.Object, java.lang.Object, int)'> (0x000000008388ea08) 
thrown [s\src\hotspot\share\interpreter\linkResolver.cpp, line 784]
Event: 17.575 Thread 0x00000230ab93e4a0 Exception <a 'java/lang/NoSuchMethodError'{0x0000000083892748}: 'java.lang.Object java.lang.invoke.Invokers$Holder.linkToTargetMethod(java.lang.Object, java.lang.Object, java.lang.Object, int, java.lang.Object)'> (0x0000000083892748) 
thrown [s\src\hotspot\share\interpreter\linkResolver.cpp, line 784]
Event: 17.717 Thread 0x00000230ab93e4a0 Implicit null exception at 0x00000230b66b8ee9 to 0x00000230b66b9674
Event: 17.718 Thread 0x00000230ab93e4a0 Implicit null exception at 0x00000230b65d0abd to 0x00000230b65d0b39
Event: 17.718 Thread 0x00000230ab93e4a0 Implicit null exception at 0x00000230b65efca5 to 0x00000230b65efef0
Event: 19.375 Thread 0x00000230ab93e4a0 Exception <a 'java/lang/NoSuchMethodError'{0x000000008429c340}: 'java.lang.Object java.lang.invoke.DirectMethodHandle$Holder.newInvokeSpecial(java.lang.Object, java.lang.Object, java.lang.Object, java.lang.Object, int, java.lang.Object, java.lang.Object)'> (0x000000008429c340) 
thrown [s\src\hotspot\share\interpreter\linkResolver.cpp, line 784]
Event: 19.376 Thread 0x00000230ab93e4a0 Exception <a 'java/lang/NoSuchMethodError'{0x00000000842a4520}: 'java.lang.Object java.lang.invoke.Invokers$Holder.linkToTargetMethod(java.lang.Object, java.lang.Object, java.lang.Object, int, java.lang.Object, java.lang.Object, java.lang.Object)'> (0x00000000842a4520) 
thrown [s\src\hotspot\share\interpreter\linkResolver.cpp, line 784]
Event: 20.075 Thread 0x00000230ab93e4a0 Exception <a 'java/lang/NoSuchMethodError'{0x0000000084b03da0}: 'java.lang.Object java.lang.invoke.DirectMethodHandle$Holder.newInvokeSpecial(java.lang.Object, java.lang.Object, java.lang.Object, int)'> (0x0000000084b03da0) 
thrown [s\src\hotspot\share\interpreter\linkResolver.cpp, line 784]
Event: 20.076 Thread 0x00000230ab93e4a0 Exception <a 'java/lang/NoSuchMethodError'{0x0000000084b07ba0}: 'java.lang.Object java.lang.invoke.DirectMethodHandle$Holder.invokeSpecial(java.lang.Object, java.lang.Object, java.lang.Object, java.lang.Object, int)'> (0x0000000084b07ba0) 
thrown [s\src\hotspot\share\interpreter\linkResolver.cpp, line 784]
Event: 20.077 Thread 0x00000230ab93e4a0 Exception <a 'java/lang/NoSuchMethodError'{0x0000000084b0b2e8}: 'java.lang.Object java.lang.invoke.Invokers$Holder.linkToTargetMethod(java.lang.Object, java.lang.Object, int, java.lang.Object)'> (0x0000000084b0b2e8) 
thrown [s\src\hotspot\share\interpreter\linkResolver.cpp, line 784]
Event: 20.083 Thread 0x00000230ab93e4a0 Exception <a 'java/lang/NoSuchMethodError'{0x0000000084b1aae8}: 'java.lang.Object java.lang.invoke.DirectMethodHandle$Holder.newInvokeSpecial(java.lang.Object, int, java.lang.Object)'> (0x0000000084b1aae8) 
thrown [s\src\hotspot\share\interpreter\linkResolver.cpp, line 784]
Event: 20.099 Thread 0x00000230ab93e4a0 Exception <a 'java/lang/NoSuchMethodError'{0x0000000084b6b7a0}: 'java.lang.Object java.lang.invoke.DirectMethodHandle$Holder.invokeSpecial(java.lang.Object, java.lang.Object, int, java.lang.Object, java.lang.Object)'> (0x0000000084b6b7a0) 
thrown [s\src\hotspot\share\interpreter\linkResolver.cpp, line 784]
Event: 20.452 Thread 0x00000230ab93e4a0 Exception <a 'java/lang/NoSuchMethodError'{0x0000000088215788}: 'java.lang.Object java.lang.invoke.DirectMethodHandle$Holder.invokeStatic(java.lang.Object, java.lang.Object, java.lang.Object, int, java.lang.Object, java.lang.Object)'> (0x0000000088215788) 
thrown [s\src\hotspot\share\interpreter\linkResolver.cpp, line 784]
Event: 20.516 Thread 0x00000230ab93e4a0 Exception <a 'java/lang/NoSuchMethodError'{0x0000000088134108}: 'java.lang.Object java.lang.invoke.DirectMethodHandle$Holder.newInvokeSpecial(java.lang.Object, java.lang.Object, java.lang.Object, java.lang.Object, java.lang.Object, int)'> (0x0000000088134108) 
thrown [s\src\hotspot\share\interpreter\linkResolver.cpp, line 784]
Event: 20.517 Thread 0x00000230ab93e4a0 Exception <a 'java/lang/NoSuchMethodError'{0x0000000088138b30}: 'java.lang.Object java.lang.invoke.DirectMethodHandle$Holder.invokeSpecial(java.lang.Object, java.lang.Object, java.lang.Object, java.lang.Object, java.lang.Object, java.lang.Object, int)'> (0x0000000088138b30) 
thrown [s\src\hotspot\share\interpreter\linkResolver.cpp, line 784]
Event: 20.518 Thread 0x00000230ab93e4a0 Exception <a 'java/lang/NoSuchMethodError'{0x000000008813cec8}: 'java.lang.Object java.lang.invoke.Invokers$Holder.linkToTargetMethod(java.lang.Object, java.lang.Object, java.lang.Object, java.lang.Object, int, java.lang.Object)'> (0x000000008813cec8) 
thrown [s\src\hotspot\share\interpreter\linkResolver.cpp, line 784]
Event: 21.749 Thread 0x00000230ab93e4a0 Exception <a 'java/lang/NoSuchMethodError'{0x0000000084aeaa90}: 'java.lang.Object java.lang.invoke.DirectMethodHandle$Holder.invokeStatic(java.lang.Object, int, java.lang.Object)'> (0x0000000084aeaa90) 
thrown [s\src\hotspot\share\interpreter\linkResolver.cpp, line 784]
Event: 21.866 Thread 0x00000230ab93e4a0 Exception <a 'java/lang/NoSuchMethodError'{0x000000008483b7d0}: 'java.lang.Object java.lang.invoke.DirectMethodHandle$Holder.invokeStatic(java.lang.Object, int, java.lang.Object, java.lang.Object, java.lang.Object, java.lang.Object, java.lang.Object)'> (0x000000008483b7d0) 
thrown [s\src\hotspot\share\interpreter\linkResolver.cpp, line 784]
Event: 21.867 Thread 0x00000230ab93e4a0 Exception <a 'java/lang/NoSuchMethodError'{0x0000000084845190}: 'java.lang.Object java.lang.invoke.DirectMethodHandle$Holder.newInvokeSpecial(java.lang.Object, int, java.lang.Object, java.lang.Object, java.lang.Object)'> (0x0000000084845190) 
thrown [s\src\hotspot\share\interpreter\linkResolver.cpp, line 784]
Event: 21.868 Thread 0x00000230ab93e4a0 Exception <a 'java/lang/NoSuchMethodError'{0x000000008484d490}: 'java.lang.Object java.lang.invoke.Invokers$Holder.linkToTargetMethod(int, java.lang.Object, java.lang.Object, java.lang.Object, java.lang.Object)'> (0x000000008484d490) 
thrown [s\src\hotspot\share\interpreter\linkResolver.cpp, line 784]

ZGC Phase Switch (0 events):
No events

VM Operations (20 events):
Event: 19.770 Executing VM operation: G1PauseRemark done
Event: 19.826 Executing VM operation: G1PauseCleanup
Event: 19.826 Executing VM operation: G1PauseCleanup done
Event: 20.361 Executing VM operation: G1CollectForAllocation (G1 Evacuation Pause)
Event: 20.381 Executing VM operation: G1CollectForAllocation (G1 Evacuation Pause) done
Event: 20.586 Executing VM operation: HandshakeAllThreads (Deoptimize)
Event: 20.586 Executing VM operation: HandshakeAllThreads (Deoptimize) done
Event: 20.800 Executing VM operation: HandshakeAllThreads (Deoptimize)
Event: 20.800 Executing VM operation: HandshakeAllThreads (Deoptimize) done
Event: 20.867 Executing VM operation: HandshakeAllThreads (Deoptimize)
Event: 20.867 Executing VM operation: HandshakeAllThreads (Deoptimize) done
Event: 20.868 Executing VM operation: HandshakeAllThreads (Deoptimize)
Event: 20.868 Executing VM operation: HandshakeAllThreads (Deoptimize) done
Event: 21.237 Executing VM operation: ICBufferFull
Event: 21.238 Executing VM operation: ICBufferFull done
Event: 21.434 Executing VM operation: G1CollectForAllocation (G1 Evacuation Pause)
Event: 21.461 Executing VM operation: G1CollectForAllocation (G1 Evacuation Pause) done
Event: 21.990 Executing VM operation: ICBufferFull
Event: 21.990 Executing VM operation: ICBufferFull done
Event: 22.257 Executing VM operation: G1CollectForAllocation (G1 Evacuation Pause)

Memory protections (0 events):
No events

Nmethod flushes (20 events):
Event: 19.769 Thread 0x00000230c276c230 flushing  nmethod 0x00000230aeeb7190
Event: 19.769 Thread 0x00000230c276c230 flushing  nmethod 0x00000230aeeb7f10
Event: 19.769 Thread 0x00000230c276c230 flushing  nmethod 0x00000230aeeb8390
Event: 19.769 Thread 0x00000230c276c230 flushing  nmethod 0x00000230aeec2310
Event: 19.769 Thread 0x00000230c276c230 flushing  nmethod 0x00000230aeec2a90
Event: 19.769 Thread 0x00000230c276c230 flushing  nmethod 0x00000230aeec3e90
Event: 19.769 Thread 0x00000230c276c230 flushing  nmethod 0x00000230aeec4810
Event: 19.769 Thread 0x00000230c276c230 flushing  nmethod 0x00000230aeed1f10
Event: 19.769 Thread 0x00000230c276c230 flushing  nmethod 0x00000230aeed3510
Event: 19.769 Thread 0x00000230c276c230 flushing  nmethod 0x00000230aeed4b90
Event: 19.769 Thread 0x00000230c276c230 flushing  nmethod 0x00000230aeed5a90
Event: 19.769 Thread 0x00000230c276c230 flushing  nmethod 0x00000230aeed6190
Event: 19.769 Thread 0x00000230c276c230 flushing  nmethod 0x00000230aeed6510
Event: 19.769 Thread 0x00000230c276c230 flushing  nmethod 0x00000230aeed8390
Event: 19.769 Thread 0x00000230c276c230 flushing  nmethod 0x00000230aeedc110
Event: 19.770 Thread 0x00000230c276c230 flushing  nmethod 0x00000230aef0f610
Event: 19.770 Thread 0x00000230c276c230 flushing  nmethod 0x00000230aef23d90
Event: 19.770 Thread 0x00000230c276c230 flushing  nmethod 0x00000230aef33910
Event: 19.770 Thread 0x00000230c276c230 flushing  nmethod 0x00000230aef7f390
Event: 19.770 Thread 0x00000230c276c230 flushing  nmethod 0x00000230aef81b90

Events (20 events):
Event: 0.481 Thread 0x00000230ab93e4a0 Thread added: 0x00000230c290a6e0
Event: 0.620 Thread 0x00000230ab93e4a0 Thread added: 0x00000230c2ab0ec0
Event: 0.641 Thread 0x00000230ab93e4a0 Thread added: 0x00000230c2ab7b10
Event: 0.687 Loaded shared library C:\Program Files\Android\Android Studio\jbr\bin\net.dll
Event: 0.692 Loaded shared library C:\Program Files\Android\Android Studio\jbr\bin\nio.dll
Event: 0.811 Thread 0x00000230c29094b0 Thread added: 0x00000230c2ba1f60
Event: 0.829 Loaded shared library C:\Program Files\Android\Android Studio\jbr\bin\zip.dll
Event: 1.041 Thread 0x00000230c2ba1f60 Thread exited: 0x00000230c2ba1f60
Event: 1.065 Loaded shared library C:\Program Files\Android\Android Studio\jbr\bin\jimage.dll
Event: 4.560 Loaded shared library C:\Program Files\Android\Android Studio\jbr\bin\management.dll
Event: 4.694 Loaded shared library C:\Program Files\Android\Android Studio\jbr\bin\management_ext.dll
Event: 9.761 Thread 0x00000230c29094b0 Thread added: 0x00000230c7e5dde0
Event: 10.292 Thread 0x00000230c7e5dde0 Thread exited: 0x00000230c7e5dde0
Event: 12.877 Thread 0x00000230c290a6e0 Thread added: 0x00000230c875db20
Event: 13.523 Thread 0x00000230c875db20 Thread exited: 0x00000230c875db20
Event: 16.136 Thread 0x00000230c290a6e0 Thread added: 0x00000230c8488220
Event: 17.251 Thread 0x00000230c8488220 Thread exited: 0x00000230c8488220
Event: 17.434 Thread 0x00000230c290a6e0 Thread added: 0x00000230c8619070
Event: 19.813 Thread 0x00000230c8619070 Thread exited: 0x00000230c8619070
Event: 21.541 Thread 0x00000230c290a6e0 Thread added: 0x00000230c7f9e170


Dynamic libraries:
0x00007ff674bd0000 - 0x00007ff674bda000 	C:\Program Files\Android\Android Studio\jbr\bin\java.exe
0x00007fff43890000 - 0x00007fff43a88000 	C:\Windows\SYSTEM32\ntdll.dll
0x00007fff42570000 - 0x00007fff42632000 	C:\Windows\System32\KERNEL32.DLL
0x00007fff41580000 - 0x00007fff41876000 	C:\Windows\System32\KERNELBASE.dll
0x00007fff40fc0000 - 0x00007fff410c0000 	C:\Windows\System32\ucrtbase.dll
0x00007fff24f10000 - 0x00007fff24f28000 	C:\Program Files\Android\Android Studio\jbr\bin\jli.dll
0x00007fff41930000 - 0x00007fff41ad1000 	C:\Windows\System32\USER32.dll
0x00007fff41410000 - 0x00007fff41432000 	C:\Windows\System32\win32u.dll
0x00007fff43820000 - 0x00007fff4384b000 	C:\Windows\System32\GDI32.dll
0x00007fff41270000 - 0x00007fff41389000 	C:\Windows\System32\gdi32full.dll
0x00007fff40f20000 - 0x00007fff40fbd000 	C:\Windows\System32\msvcp_win.dll
0x00007fff3a3f0000 - 0x00007fff3a40b000 	C:\Program Files\Android\Android Studio\jbr\bin\VCRUNTIME140.dll
0x00007fff2f870000 - 0x00007fff2fb0b000 	C:\Windows\WinSxS\amd64_microsoft.windows.common-controls_6595b64144ccf1df_6.0.19041.6456_none_60b8a6cb71f64256\COMCTL32.dll
0x00007fff42050000 - 0x00007fff420ee000 	C:\Windows\System32\msvcrt.dll
0x00007fff43670000 - 0x00007fff4369f000 	C:\Windows\System32\IMM32.DLL
0x00007fff3abb0000 - 0x00007fff3abbc000 	C:\Program Files\Android\Android Studio\jbr\bin\vcruntime140_1.dll
0x00007fff18520000 - 0x00007fff185ad000 	C:\Program Files\Android\Android Studio\jbr\bin\msvcp140.dll
0x00007ffee3d00000 - 0x00007ffee498b000 	C:\Program Files\Android\Android Studio\jbr\bin\server\jvm.dll
0x00007fff43430000 - 0x00007fff434e1000 	C:\Windows\System32\ADVAPI32.dll
0x00007fff41ae0000 - 0x00007fff41b7f000 	C:\Windows\System32\sechost.dll
0x00007fff436a0000 - 0x00007fff437c0000 	C:\Windows\System32\RPCRT4.dll
0x00007fff41880000 - 0x00007fff418a7000 	C:\Windows\System32\bcrypt.dll
0x00007fff41f50000 - 0x00007fff41fbb000 	C:\Windows\System32\WS2_32.dll
0x00007fff40460000 - 0x00007fff404ab000 	C:\Windows\SYSTEM32\POWRPROF.dll
0x00007fff3d3f0000 - 0x00007fff3d417000 	C:\Windows\SYSTEM32\WINMM.dll
0x00007fff302d0000 - 0x00007fff302da000 	C:\Windows\SYSTEM32\VERSION.dll
0x00007fff40320000 - 0x00007fff40332000 	C:\Windows\SYSTEM32\UMPDC.dll
0x00007fff3ee20000 - 0x00007fff3ee32000 	C:\Windows\SYSTEM32\kernel.appcore.dll
0x00007fff3aba0000 - 0x00007fff3abaa000 	C:\Program Files\Android\Android Studio\jbr\bin\jimage.dll
0x00007fff2e240000 - 0x00007fff2e441000 	C:\Windows\SYSTEM32\DBGHELP.DLL
0x00007fff294f0000 - 0x00007fff29524000 	C:\Windows\SYSTEM32\dbgcore.DLL
0x00007fff41440000 - 0x00007fff414c2000 	C:\Windows\System32\bcryptPrimitives.dll
0x00007fff39770000 - 0x00007fff39790000 	C:\Program Files\Android\Android Studio\jbr\bin\java.dll
0x00007fff36d70000 - 0x00007fff36d88000 	C:\Program Files\Android\Android Studio\jbr\bin\zip.dll
0x00007fff42bb0000 - 0x00007fff43320000 	C:\Windows\System32\SHELL32.dll
0x00007fff3ef90000 - 0x00007fff3f735000 	C:\Windows\SYSTEM32\windows.storage.dll
0x00007fff42850000 - 0x00007fff42ba4000 	C:\Windows\System32\combase.dll
0x00007fff40950000 - 0x00007fff4097b000 	C:\Windows\SYSTEM32\Wldp.dll
0x00007fff41b80000 - 0x00007fff41c4d000 	C:\Windows\System32\OLEAUT32.dll
0x00007fff43320000 - 0x00007fff433cd000 	C:\Windows\System32\SHCORE.dll
0x00007fff418b0000 - 0x00007fff4190b000 	C:\Windows\System32\shlwapi.dll
0x00007fff40e50000 - 0x00007fff40e74000 	C:\Windows\SYSTEM32\profapi.dll
0x00007fff3a710000 - 0x00007fff3a720000 	C:\Program Files\Android\Android Studio\jbr\bin\net.dll
0x00007fff377e0000 - 0x00007fff378ea000 	C:\Windows\SYSTEM32\WINHTTP.dll
0x00007fff406b0000 - 0x00007fff4071a000 	C:\Windows\system32\mswsock.dll
0x00007fff34f30000 - 0x00007fff34f46000 	C:\Program Files\Android\Android Studio\jbr\bin\nio.dll
0x00007fff34750000 - 0x00007fff34759000 	C:\Program Files\Android\Android Studio\jbr\bin\management.dll
0x00007fff34640000 - 0x00007fff3464b000 	C:\Program Files\Android\Android Studio\jbr\bin\management_ext.dll
0x00007fff41eb0000 - 0x00007fff41eb8000 	C:\Windows\System32\PSAPI.DLL
0x00007fff32da0000 - 0x00007fff32db0000 	C:\Program Files\Android\Android Studio\jbr\bin\verify.dll

dbghelp: loaded successfully - version: 4.0.5 - missing functions: none
symbol engine: initialized successfully - sym options: 0x614 - pdb path: .;C:\Program Files\Android\Android Studio\jbr\bin;C:\Windows\SYSTEM32;C:\Windows\WinSxS\amd64_microsoft.windows.common-controls_6595b64144ccf1df_6.0.19041.6456_none_60b8a6cb71f64256;C:\Program Files\Android\Android Studio\jbr\bin\server

VM Arguments:
java_command: org.jetbrains.kotlin.cli.jvm.K2JVMCompiler @E:\skytronix\build\share_plus\20260411_12060662215865694368.compiler.options
java_class_path (initial): C:\Users\Awais Khan\.gradle\caches\modules-2\files-2.1\org.jetbrains.kotlin\kotlin-compiler-embeddable\2.2.20\bb8331b7585e36ea311825b01a1c06860c055fd1\kotlin-compiler-embeddable-2.2.20.jar;C:\Users\Awais Khan\.gradle\caches\modules-2\files-2.1\org.jetbrains.kotlin\kotlin-stdlib\2.2.20\5380b19fa1924399b62ce3a1faffebb2b4f82272\kotlin-stdlib-2.2.20.jar;C:\Users\Awais Khan\.gradle\caches\modules-2\files-2.1\org.jetbrains.kotlin\kotlin-script-runtime\2.2.20\4c679cbeac0bb583b75c3a080013da8eaf240807\kotlin-script-runtime-2.2.20.jar;C:\Users\Awais Khan\.gradle\caches\modules-2\files-2.1\org.jetbrains.kotlin\kotlin-reflect\1.6.10\1cbe9c92c12a94eea200d23c2bbaedaf3daf5132\kotlin-reflect-1.6.10.jar;C:\Users\Awais Khan\.gradle\caches\modules-2\files-2.1\org.jetbrains.kotlin\kotlin-daemon-embeddable\2.2.20\feff12d48d7f1eb628742b0a721395e16f8755bf\kotlin-daemon-embeddable-2.2.20.jar;C:\Users\Awais Khan\.gradle\caches\modules-2\files-2.1\org.jetbrains.kotlinx\kotlinx-coroutines-core-jvm\1.8.0\ac1dc37a30a93150b704022f8d895ee1bd3a36b3\kotlinx-coroutines-core-jvm-1.8.0.jar;C:\Users\Awais Khan\.gradle\caches\modules-2\files-2.1\org.jetbrains\annotations\13.0\919f0dfe192fb4e063e7dacadee7f8bb9a2672a9\annotations-13.0.jar
Launcher Type: SUN_STANDARD

[Global flags]
     intx CICompilerCount                          = 3                                         {product} {ergonomic}
     uint ConcGCThreads                            = 1                                         {product} {ergonomic}
     uint G1ConcRefinementThreads                  = 4                                         {product} {ergonomic}
   size_t G1HeapRegionSize                         = 1048576                                   {product} {ergonomic}
    uintx GCDrainStackTargetSize                   = 64                                        {product} {ergonomic}
   size_t InitialHeapSize                          = 134217728                                 {product} {ergonomic}
   size_t MarkStackSize                            = 4194304                                   {product} {ergonomic}
   size_t MaxHeapSize                              = 2124414976                                {product} {ergonomic}
   size_t MaxNewSize                               = 1274019840                                {product} {ergonomic}
   size_t MinHeapDeltaBytes                        = 1048576                                   {product} {ergonomic}
   size_t MinHeapSize                              = 8388608                                   {product} {ergonomic}
    uintx NonNMethodCodeHeapSize                   = 5832780                                {pd product} {ergonomic}
    uintx NonProfiledCodeHeapSize                  = 122912730                              {pd product} {ergonomic}
    uintx ProfiledCodeHeapSize                     = 122912730                              {pd product} {ergonomic}
    uintx ReservedCodeCacheSize                    = 251658240                              {pd product} {ergonomic}
     bool SegmentedCodeCache                       = true                                      {product} {ergonomic}
   size_t SoftMaxHeapSize                          = 2124414976                             {manageable} {ergonomic}
     bool UseCompressedOops                        = true                           {product lp64_product} {ergonomic}
     bool UseG1GC                                  = true                                      {product} {ergonomic}
     bool UseLargePagesIndividualAllocation        = false                                  {pd product} {ergonomic}

Logging:
Log output configuration:
 #0: stdout all=warning uptime,level,tags foldmultilines=false
 #1: stderr all=off uptime,level,tags foldmultilines=false

Environment Variables:
JAVA_HOME=C:\Program Files\Android\Android Studio\jbr
CLASSPATH=E:\skytronix\android\\gradle\wrapper\gradle-wrapper.jar
PATH=C:\Program Files\Android\Android Studio\jbr\bin;C:\Program Files\Eclipse Adoptium\jdk-17.0.18.8-hotspot\bin;C:\Windows\system32;C:\Windows;C:\Windows\System32\Wbem;C:\Windows\System32\WindowsPowerShell\v1.0\;C:\Windows\System32\OpenSSH\;C:\Program Files\Git\cmd;C:\Program Files (x86)\Windows Kits\10\Windows Performance Toolkit\;C:\Program Files\nodejs\;C:\Program Files\CMake\bin;C:\Windows\system32;C:\Windows;C:\Windows\System32\Wbem;C:\Windows\System32\WindowsPowerShell\v1.0\;C:\Windows\System32\OpenSSH\;C:\Program Files\Git\cmd;C:\Program Files\nodejs\;C:\Users\Awais Khan\AppData\Local\Microsoft\WindowsApps;C:\Program Files\JetBrains\PyCharm Community Edition 2025.1.3\bin;;C:\Users\Awais Khan\AppData\Local\Programs\Microsoft VS Code\bin;C:\src\flutter\bin;C:\Users\Awais Khan\AppData\Local\Pub\Cache\bin;C:\Users\Awais Khan\AppData\Local\Python\bin;C:\Users\Awais Khan\AppData\Roaming\npm;C:\src\flutter\bin\mingit\cmd
USERNAME=Awais Khan
OS=Windows_NT
PROCESSOR_IDENTIFIER=Intel64 Family 6 Model 69 Stepping 1, GenuineIntel
TMP=C:\Users\AWAISK~1\AppData\Local\Temp
TEMP=C:\Users\AWAISK~1\AppData\Local\Temp




Periodic native trim disabled

JNI global refs:
JNI global refs: 8, weak refs: 0

JNI global refs memory usage: 835, weak refs: 833

Process memory usage:
Resident Set Size: 223984K (2% of 8291716K total physical memory with 607256K free physical memory)

OOME stack traces (most recent first):
Classloader memory used:
Loader jdk.internal.loader.ClassLoaders$AppClassLoader                                 : 50793K
Loader bootstrap                                                                       : 11085K

---------------  S Y S T E M  ---------------

OS:
 Windows 10 , 64 bit Build 19041 (10.0.19041.5915)
OS uptime: 2 days 19:13 hours

CPU: total 4 (initial active 4) (2 cores per cpu, 2 threads per core) family 6 model 69 stepping 1 microcode 0x25, cx8, cmov, fxsr, ht, mmx, sse, sse2, sse3, ssse3, sse4.1, sse4.2, popcnt, lzcnt, tsc, tscinvbit, avx, avx2, aes, erms, clmul, bmi1, bmi2, fma, vzeroupper, clflush, rdtscp, f16c
Processor Information for the first 4 processors :
  Max Mhz: 2701, Current Mhz: 2701, Mhz Limit: 2701

Memory: 4k page, system-wide physical 8097M (596M free)
TotalPageFile size 12992M (AvailPageFile size 39M)
current process WorkingSet (physical memory assigned to process): 218M, peak: 229M
current process commit charge ("private bytes"): 244M, peak: 279M

vm_info: OpenJDK 64-Bit Server VM (21.0.6+-13391695-b895.109) for windows-amd64 JRE (21.0.6+-13391695-b895.109), built on 2025-04-22T21:19:17Z by "builder" with MS VC++ 16.10 / 16.11 (VS2019)

END.
